SpeechBrain system description
==============================
Python version:
3.10.12 (main, Mar  3 2026, 11:56:32) [GCC 11.4.0]
==============================
Installed Python packages:
absl-py==2.4.0
aiofiles==23.2.1
aiohappyeyeballs==2.6.1
aiohttp==3.13.3
aiosignal==1.4.0
altair==5.5.0
annotated-doc==0.0.4
annotated-types==0.7.0
antlr4-python3-runtime==4.9.3
anyio==4.12.1
asttokens==3.0.1
async-timeout==5.0.1
attrs==26.1.0
audioread==3.1.0
beautifulsoup4==4.14.3
celluloid==0.2.0
certifi==2026.2.25
cffi==2.0.0
charset-normalizer==3.4.6
click==8.3.1
comm==0.2.3
contourpy==1.3.2
cycler==0.12.1
Cython==3.2.4
decorator==5.2.1
deepspeed==0.12.4
exceptiongroup==1.3.1
executing==2.2.1
fastapi==0.135.1
ffmpy==1.0.0
filelock==3.20.0
fonttools==4.62.1
frozenlist==1.8.0
fsspec==2025.12.0
gdown==5.2.1
gitdb==4.0.12
GitPython==3.1.46
gradio==4.8.0
gradio_client==0.7.1
grpcio==1.78.0
h11==0.16.0
h5py==3.16.0
hf-xet==1.4.2
hjson==3.1.0
httpcore==1.0.9
httpx==0.28.1
huggingface_hub==1.7.2
HyperPyYAML==1.2.3
idna==3.11
importlib_resources==6.5.2
ipympl==0.10.0
ipython==8.38.0
ipywidgets==8.1.8
jedi==0.19.2
Jinja2==3.1.6
joblib==1.5.3
jsonschema==4.26.0
jsonschema-specifications==2025.9.1
jupyterlab_widgets==3.0.16
kiwisolver==1.5.0
lazy-loader==0.5
librosa==0.10.1
lightning-utilities==0.15.3
llvmlite==0.46.0
Markdown==3.10.2
markdown-it-py==4.0.0
MarkupSafe==2.1.5
matplotlib==3.8.1
matplotlib-inline==0.2.1
mdurl==0.1.2
mpmath==1.3.0
msgpack==1.1.2
multidict==6.7.1
narwhals==2.18.0
networkx==3.4.2
ninja==1.13.0
numba==0.64.0
numpy==1.26.2
nvidia-cublas-cu12==12.1.3.1
nvidia-cuda-cupti-cu12==12.1.105
nvidia-cuda-nvrtc-cu12==12.1.105
nvidia-cuda-runtime-cu12==12.1.105
nvidia-cudnn-cu12==8.9.2.26
nvidia-cufft-cu12==11.0.2.54
nvidia-curand-cu12==10.3.2.106
nvidia-cusolver-cu12==11.4.5.107
nvidia-cusparse-cu12==12.1.0.106
nvidia-ml-py==13.595.45
nvidia-nccl-cu12==2.18.1
nvidia-nvjitlink-cu12==12.9.86
nvidia-nvtx-cu12==12.1.105
omegaconf==2.3.0
orjson==3.11.7
packaging==26.0
pandas==2.1.3
parso==0.8.6
pesq==0.0.4
pexpect==4.9.0
pillow==10.4.0
platformdirs==4.9.4
pooch==1.9.0
prompt_toolkit==3.0.52
propcache==0.4.1
protobuf==6.33.6
psutil==7.2.2
ptflops==0.7.1.2
ptyprocess==0.7.0
pure_eval==0.2.3
py-cpuinfo==9.0.0
pyarrow==23.0.1
pybind11==3.0.2
pycparser==3.0
pydantic==2.12.5
pydantic_core==2.41.5
pydub==0.25.1
Pygments==2.19.2
pynvml==13.0.1
pyparsing==3.3.2
pyroomacoustics==0.9.0
PySocks==1.7.1
pystoi==0.4.1
python-dateutil==2.9.0.post0
python-multipart==0.0.22
pytorch-lightning==2.6.1
pytorch-triton-rocm==3.1.0
pytz==2026.1.post1
PyYAML==6.0.3
referencing==0.37.0
requests==2.32.5
resampy==0.4.2
resemble-enhance==0.0.1
rich==13.7.0
rpds-py==0.30.0
ruamel.yaml==0.18.17
ruamel.yaml.clib==0.2.15
scikit-learn==1.7.2
scipy==1.11.4
sdeint==0.3.0
seaborn==0.13.2
semantic-version==2.10.0
sentencepiece==0.2.1
sentry-sdk==2.55.0
sgmse==0.1.2
shellingham==1.5.4
six==1.17.0
smmap==5.0.3
soundfile==0.12.1
soupsieve==2.8.3
soxr==1.0.0
# Editable install with no version control (speechbrain==1.0.3)
-e /home/maxime/Bureau/speechbrain-develop
stack-data==0.6.3
starlette==0.52.1
sympy==1.13.1
tabulate==0.8.10
tensorboard==2.20.0
tensorboard-data-server==0.7.2
threadpoolctl==3.6.0
tomlkit==0.12.0
torch==2.5.1+rocm6.2
torch-ema==0.3
torch-pesq==0.1.2
torchaudio==2.5.1+rocm6.2
torchcodec==0.10.0
torchinfo==1.8.0
torchmetrics==1.9.0
torchsde==0.2.6
torchtyping==0.1.5
torchvision==0.20.1+rocm6.2
tqdm==4.66.1
traitlets==5.14.3
trampoline==0.1.2
triton==2.1.0
typeguard==2.13.3
typer==0.24.1
typing-inspection==0.4.2
typing_extensions==4.15.0
tzdata==2025.3
urllib3==2.6.3
uvicorn==0.42.0
wandb==0.25.1
wcwidth==0.6.0
websockets==11.0.3
Werkzeug==3.1.6
widgetsnbextension==4.0.15
yarl==1.23.0
==============================
Git revision:
2892ed0
==============================
ROCm version:
6.2.41133-dd7f95766